---
source: src/generator.rs
expression: "generator.take(3).collect::<Vec<_>>()"
---
[
    (
        Robot {
            position: Point {
                x: 16,
                y: 39,
            },
            facing: South,
        },
        [
            Right,
            Left,
            Right,
            Left,
            Right,
            Left,
            Right,
            Left,
            Forward,
            Forward,
            Right,
            Left,
            Right,
            Right,
            Forward,
            Right,
            Left,
            Forward,
            Left,
            Right,
            Left,
            Forward,
            Right,
            Forward,
            Right,
            Right,
            Forward,
            Left,
            Forward,
            Left,
            Left,
            Forward,
            Left,
            Forward,
            Forward,
            Left,
            Forward,
            Right,
            Left,
            Left,
            Forward,
            Right,
            Right,
            Right,
            Left,
            Forward,
            Right,
            Left,
            Right,
            Right,
            Right,
            Left,
            Forward,
            Right,
            Left,
            Left,
            Forward,
            Right,
        ],
    ),
    (
        Robot {
            position: Point {
                x: 12,
                y: 32,
            },
            facing: South,
        },
        [
            Left,
            Right,
            Forward,
            Forward,
            Forward,
            Right,
            Left,
            Right,
            Left,
            Left,
            Right,
            Left,
            Right,
            Left,
            Forward,
            Forward,
            Right,
            Forward,
            Left,
            Forward,
            Left,
            Forward,
            Left,
            Right,
            Right,
            Forward,
            Forward,
            Forward,
            Right,
            Forward,
            Forward,
            Forward,
            Left,
            Forward,
            Right,
            Left,
            Forward,
            Forward,
            Left,
            Left,
            Forward,
            Right,
            Left,
            Right,
            Forward,
            Forward,
            Forward,
            Forward,
            Right,
            Right,
            Right,
            Right,
            Right,
            Forward,
            Forward,
            Left,
            Right,
            Right,
            Left,
            Right,
            Forward,
            Right,
            Left,
            Right,
            Forward,
            Right,
            Forward,
            Left,
            Right,
            Left,
            Left,
            Right,
            Left,
            Right,
        ],
    ),
    (
        Robot {
            position: Point {
                x: 7,
                y: 42,
            },
            facing: North,
        },
        [
            Left,
            Left,
            Right,
            Left,
            Left,
            Right,
            Right,
            Right,
            Right,
            Left,
            Forward,
            Forward,
            Forward,
            Right,
            Left,
            Right,
            Left,
            Forward,
            Left,
            Forward,
            Left,
            Right,
            Forward,
            Right,
            Left,
            Right,
            Left,
            Left,
            Right,
            Forward,
            Right,
            Right,
            Right,
            Right,
        ],
    ),
]
